[     817ms] [LOG] [plausible] version {mermaidVersion: 11.14.0} @ http://localhost:3002/src/lib/util/stats.ts:89
[     929ms] [LOG] Loading '' @ http://localhost:3002/src/lib/util/state.ts:192
[    1014ms] [LOG] Registration successful, scope is: http://localhost:3002/ @ http://localhost:3002/src/routes/+layout.svelte:42
[    2267ms] [LOG] [plausible] version {mermaidVersion: 11.14.0} @ http://localhost:3002/src/lib/util/stats.ts:89
[    2338ms] [LOG] Loading '' @ http://localhost:3002/src/lib/util/state.ts:192
[    2408ms] [LOG] Registration successful, scope is: http://localhost:3002/ @ http://localhost:3002/src/routes/+layout.svelte:42
[    3464ms] [LOG] [plausible] version {mermaidVersion: 11.14.0} @ http://localhost:3002/src/lib/util/stats.ts:89
[    3536ms] [LOG] Loading '' @ http://localhost:3002/src/lib/util/state.ts:192
[    3590ms] [LOG] Registration successful, scope is: http://localhost:3002/ @ http://localhost:3002/src/routes/+layout.svelte:42
[    3643ms] [LOG] [plausible] render {diagramType: flowchart-v2, isRough: false, lengthBucket: 0-10, renderTimeMsBucket: 50-100} @ http://localhost:3002/src/lib/util/stats.ts:89
[    3715ms] [LOG] [plausible] render {diagramType: flowchart-v2, isRough: false, lengthBucket: 0-10, renderTimeMsBucket: 50-100} @ http://localhost:3002/src/lib/util/stats.ts:89
[    4301ms] [LOG] [plausible] version {mermaidVersion: 11.14.0} @ http://localhost:3002/src/lib/util/stats.ts:89
[    4372ms] [LOG] Loading '' @ http://localhost:3002/src/lib/util/state.ts:192
[    4422ms] [LOG] Registration successful, scope is: http://localhost:3002/ @ http://localhost:3002/src/routes/+layout.svelte:42
[    4473ms] [LOG] [plausible] render {diagramType: flowchart-v2, isRough: false, lengthBucket: 0-10, renderTimeMsBucket: 50-100} @ http://localhost:3002/src/lib/util/stats.ts:89
[    5168ms] [LOG] [plausible] version {mermaidVersion: 11.14.0} @ http://localhost:3002/src/lib/util/stats.ts:89
[    5247ms] [LOG] Loading '' @ http://localhost:3002/src/lib/util/state.ts:192
[    5301ms] [LOG] Registration successful, scope is: http://localhost:3002/ @ http://localhost:3002/src/routes/+layout.svelte:42
[    5353ms] [LOG] [plausible] render {diagramType: flowchart-v2, isRough: false, lengthBucket: 0-10, renderTimeMsBucket: 50-100} @ http://localhost:3002/src/lib/util/stats.ts:89
[    6069ms] [LOG] [plausible] version {mermaidVersion: 11.14.0} @ http://localhost:3002/src/lib/util/stats.ts:89
[    6143ms] [LOG] Loading '' @ http://localhost:3002/src/lib/util/state.ts:192
[    6202ms] [LOG] Registration successful, scope is: http://localhost:3002/ @ http://localhost:3002/src/routes/+layout.svelte:42
[    6252ms] [LOG] [plausible] render {diagramType: flowchart-v2, isRough: false, lengthBucket: 0-10, renderTimeMsBucket: 50-100} @ http://localhost:3002/src/lib/util/stats.ts:89
[    6998ms] [LOG] [plausible] version {mermaidVersion: 11.14.0} @ http://localhost:3002/src/lib/util/stats.ts:89
[    7075ms] [LOG] Loading '' @ http://localhost:3002/src/lib/util/state.ts:192
[    7137ms] [LOG] Registration successful, scope is: http://localhost:3002/ @ http://localhost:3002/src/routes/+layout.svelte:42
[    7206ms] [LOG] [plausible] render {diagramType: flowchart-v2, isRough: false, lengthBucket: 0-10, renderTimeMsBucket: 50-100} @ http://localhost:3002/src/lib/util/stats.ts:89
[    7853ms] [LOG] [plausible] version {mermaidVersion: 11.14.0} @ http://localhost:3002/src/lib/util/stats.ts:89
[    7928ms] [LOG] Loading '' @ http://localhost:3002/src/lib/util/state.ts:192
[    7985ms] [LOG] Registration successful, scope is: http://localhost:3002/ @ http://localhost:3002/src/routes/+layout.svelte:42
[    8039ms] [LOG] [plausible] render {diagramType: flowchart-v2, isRough: false, lengthBucket: 0-10, renderTimeMsBucket: 50-100} @ http://localhost:3002/src/lib/util/stats.ts:89
[    8691ms] [LOG] [plausible] version {mermaidVersion: 11.14.0} @ http://localhost:3002/src/lib/util/stats.ts:89
[    8769ms] [LOG] Loading '' @ http://localhost:3002/src/lib/util/state.ts:192
[    8830ms] [LOG] Registration successful, scope is: http://localhost:3002/ @ http://localhost:3002/src/routes/+layout.svelte:42
[    8882ms] [LOG] [plausible] render {diagramType: flowchart-v2, isRough: false, lengthBucket: 0-10, renderTimeMsBucket: 50-100} @ http://localhost:3002/src/lib/util/stats.ts:89
[   10501ms] [LOG] [plausible] version {mermaidVersion: 11.14.0} @ http://localhost:3002/src/lib/util/stats.ts:89
[   10577ms] [LOG] Loading '' @ http://localhost:3002/src/lib/util/state.ts:192
[   10639ms] [LOG] Registration successful, scope is: http://localhost:3002/ @ http://localhost:3002/src/routes/+layout.svelte:42
[   10696ms] [LOG] [plausible] render {diagramType: flowchart-v2, isRough: false, lengthBucket: 0-10, renderTimeMsBucket: 50-100} @ http://localhost:3002/src/lib/util/stats.ts:89
[   11328ms] [LOG] [plausible] version {mermaidVersion: 11.14.0} @ http://localhost:3002/src/lib/util/stats.ts:89
[   11400ms] [LOG] Loading '' @ http://localhost:3002/src/lib/util/state.ts:192
[   11456ms] [LOG] Registration successful, scope is: http://localhost:3002/ @ http://localhost:3002/src/routes/+layout.svelte:42
[   11501ms] [LOG] [plausible] render {diagramType: flowchart-v2, isRough: false, lengthBucket: 0-10, renderTimeMsBucket: 50-100} @ http://localhost:3002/src/lib/util/stats.ts:89
[   12090ms] [LOG] [plausible] version {mermaidVersion: 11.14.0} @ http://localhost:3002/src/lib/util/stats.ts:89
[   12167ms] [LOG] Loading '' @ http://localhost:3002/src/lib/util/state.ts:192
[   12218ms] [LOG] Registration successful, scope is: http://localhost:3002/ @ http://localhost:3002/src/routes/+layout.svelte:42
[   12278ms] [LOG] [plausible] render {diagramType: flowchart-v2, isRough: false, lengthBucket: 0-10, renderTimeMsBucket: 50-100} @ http://localhost:3002/src/lib/util/stats.ts:89
[   12381ms] [LOG] [plausible] render {diagramType: flowchart-v2, isRough: false, lengthBucket: 0-10, renderTimeMsBucket: 50-100} @ http://localhost:3002/src/lib/util/stats.ts:89
[   12979ms] [LOG] [plausible] version {mermaidVersion: 11.14.0} @ http://localhost:3002/src/lib/util/stats.ts:89
[   13046ms] [LOG] Loading '' @ http://localhost:3002/src/lib/util/state.ts:192
[   13103ms] [LOG] Registration successful, scope is: http://localhost:3002/ @ http://localhost:3002/src/routes/+layout.svelte:42
[   13165ms] [LOG] [plausible] render {diagramType: flowchart-v2, isRough: false, lengthBucket: 0-10, renderTimeMsBucket: 50-100} @ http://localhost:3002/src/lib/util/stats.ts:89
[   13814ms] [LOG] [plausible] version {mermaidVersion: 11.14.0} @ http://localhost:3002/src/lib/util/stats.ts:89
[   13893ms] [LOG] Loading '' @ http://localhost:3002/src/lib/util/state.ts:192
[   13957ms] [LOG] Registration successful, scope is: http://localhost:3002/ @ http://localhost:3002/src/routes/+layout.svelte:42
[   14035ms] [LOG] [plausible] render {diagramType: flowchart-v2, isRough: false, lengthBucket: 0-10, renderTimeMsBucket: 100-200} @ http://localhost:3002/src/lib/util/stats.ts:89
[   14717ms] [LOG] [plausible] version {mermaidVersion: 11.14.0} @ http://localhost:3002/src/lib/util/stats.ts:89
[   14789ms] [LOG] Loading '' @ http://localhost:3002/src/lib/util/state.ts:192
[   14847ms] [LOG] Registration successful, scope is: http://localhost:3002/ @ http://localhost:3002/src/routes/+layout.svelte:42
[   14895ms] [LOG] [plausible] render {diagramType: flowchart-v2, isRough: false, lengthBucket: 0-10, renderTimeMsBucket: 50-100} @ http://localhost:3002/src/lib/util/stats.ts:89
[   15490ms] [LOG] [plausible] version {mermaidVersion: 11.14.0} @ http://localhost:3002/src/lib/util/stats.ts:89
[   15559ms] [LOG] Loading '' @ http://localhost:3002/src/lib/util/state.ts:192
[   15617ms] [LOG] Registration successful, scope is: http://localhost:3002/ @ http://localhost:3002/src/routes/+layout.svelte:42
[   15708ms] [LOG] [plausible] render {diagramType: flowchart-v2, isRough: false, lengthBucket: 0-10, renderTimeMsBucket: 100-200} @ http://localhost:3002/src/lib/util/stats.ts:89
[   16334ms] [LOG] [plausible] version {mermaidVersion: 11.14.0} @ http://localhost:3002/src/lib/util/stats.ts:89
[   16413ms] [LOG] Loading '' @ http://localhost:3002/src/lib/util/state.ts:192
[   16473ms] [LOG] Registration successful, scope is: http://localhost:3002/ @ http://localhost:3002/src/routes/+layout.svelte:42
[   16539ms] [LOG] [plausible] render {diagramType: flowchart-v2, isRough: false, lengthBucket: 0-10, renderTimeMsBucket: 50-100} @ http://localhost:3002/src/lib/util/stats.ts:89
[   17211ms] [LOG] [plausible] version {mermaidVersion: 11.14.0} @ http://localhost:3002/src/lib/util/stats.ts:89
[   17294ms] [LOG] Loading '' @ http://localhost:3002/src/lib/util/state.ts:192
[   17349ms] [LOG] Registration successful, scope is: http://localhost:3002/ @ http://localhost:3002/src/routes/+layout.svelte:42
[   17404ms] [LOG] [plausible] render {diagramType: flowchart-v2, isRough: false, lengthBucket: 0-10, renderTimeMsBucket: 50-100} @ http://localhost:3002/src/lib/util/stats.ts:89
[   18063ms] [LOG] [plausible] version {mermaidVersion: 11.14.0} @ http://localhost:3002/src/lib/util/stats.ts:89
[   18135ms] [LOG] Loading '' @ http://localhost:3002/src/lib/util/state.ts:192
[   18189ms] [LOG] Registration successful, scope is: http://localhost:3002/ @ http://localhost:3002/src/routes/+layout.svelte:42
[   18247ms] [LOG] [plausible] render {diagramType: flowchart-v2, isRough: false, lengthBucket: 0-10, renderTimeMsBucket: 50-100} @ http://localhost:3002/src/lib/util/stats.ts:89
[   19814ms] [LOG] [plausible] version {mermaidVersion: 11.14.0} @ http://localhost:3002/src/lib/util/stats.ts:89
[   19889ms] [LOG] Loading '' @ http://localhost:3002/src/lib/util/state.ts:192
[   19947ms] [LOG] Registration successful, scope is: http://localhost:3002/ @ http://localhost:3002/src/routes/+layout.svelte:42
[   20006ms] [LOG] [plausible] render {diagramType: flowchart-v2, isRough: false, lengthBucket: 0-10, renderTimeMsBucket: 50-100} @ http://localhost:3002/src/lib/util/stats.ts:89
[   20677ms] [LOG] [plausible] version {mermaidVersion: 11.14.0} @ http://localhost:3002/src/lib/util/stats.ts:89
[   20751ms] [LOG] Loading '' @ http://localhost:3002/src/lib/util/state.ts:192
[   20808ms] [LOG] Registration successful, scope is: http://localhost:3002/ @ http://localhost:3002/src/routes/+layout.svelte:42
[   20874ms] [LOG] [plausible] render {diagramType: flowchart-v2, isRough: false, lengthBucket: 0-10, renderTimeMsBucket: 50-100} @ http://localhost:3002/src/lib/util/stats.ts:89
[   21527ms] [LOG] [plausible] version {mermaidVersion: 11.14.0} @ http://localhost:3002/src/lib/util/stats.ts:89
[   21600ms] [LOG] Loading '' @ http://localhost:3002/src/lib/util/state.ts:192
[   21656ms] [LOG] Registration successful, scope is: http://localhost:3002/ @ http://localhost:3002/src/routes/+layout.svelte:42
[   21710ms] [LOG] [plausible] render {diagramType: flowchart-v2, isRough: false, lengthBucket: 0-10, renderTimeMsBucket: 50-100} @ http://localhost:3002/src/lib/util/stats.ts:89
[   22320ms] [LOG] [plausible] version {mermaidVersion: 11.14.0} @ http://localhost:3002/src/lib/util/stats.ts:89
[   22394ms] [LOG] Loading '' @ http://localhost:3002/src/lib/util/state.ts:192
[   22451ms] [LOG] Registration successful, scope is: http://localhost:3002/ @ http://localhost:3002/src/routes/+layout.svelte:42
[   22513ms] [LOG] [plausible] render {diagramType: flowchart-v2, isRough: false, lengthBucket: 0-10, renderTimeMsBucket: 50-100} @ http://localhost:3002/src/lib/util/stats.ts:89
[   23169ms] [LOG] [plausible] version {mermaidVersion: 11.14.0} @ http://localhost:3002/src/lib/util/stats.ts:89
[   23236ms] [LOG] Loading '' @ http://localhost:3002/src/lib/util/state.ts:192
[   23293ms] [LOG] Registration successful, scope is: http://localhost:3002/ @ http://localhost:3002/src/routes/+layout.svelte:42
[   23343ms] [LOG] [plausible] render {diagramType: flowchart-v2, isRough: false, lengthBucket: 0-10, renderTimeMsBucket: 50-100} @ http://localhost:3002/src/lib/util/stats.ts:89
[   24031ms] [LOG] [plausible] version {mermaidVersion: 11.14.0} @ http://localhost:3002/src/lib/util/stats.ts:89
[   24099ms] [LOG] Loading '' @ http://localhost:3002/src/lib/util/state.ts:192
[   24156ms] [LOG] Registration successful, scope is: http://localhost:3002/ @ http://localhost:3002/src/routes/+layout.svelte:42
[   24226ms] [LOG] [plausible] render {diagramType: flowchart-v2, isRough: false, lengthBucket: 0-10, renderTimeMsBucket: 100-200} @ http://localhost:3002/src/lib/util/stats.ts:89
[   24993ms] [LOG] [plausible] version {mermaidVersion: 11.14.0} @ http://localhost:3002/src/lib/util/stats.ts:89
[   25067ms] [LOG] Loading '' @ http://localhost:3002/src/lib/util/state.ts:192
[   25122ms] [LOG] Registration successful, scope is: http://localhost:3002/ @ http://localhost:3002/src/routes/+layout.svelte:42
[   25200ms] [LOG] [plausible] render {diagramType: flowchart-v2, isRough: false, lengthBucket: 0-10, renderTimeMsBucket: 100-200} @ http://localhost:3002/src/lib/util/stats.ts:89
[   25829ms] [LOG] [plausible] version {mermaidVersion: 11.14.0} @ http://localhost:3002/src/lib/util/stats.ts:89
[   25900ms] [LOG] Loading '' @ http://localhost:3002/src/lib/util/state.ts:192
[   25963ms] [LOG] Registration successful, scope is: http://localhost:3002/ @ http://localhost:3002/src/routes/+layout.svelte:42
[   26009ms] [LOG] [plausible] render {diagramType: flowchart-v2, isRough: false, lengthBucket: 0-10, renderTimeMsBucket: 50-100} @ http://localhost:3002/src/lib/util/stats.ts:89
[   26651ms] [LOG] [plausible] version {mermaidVersion: 11.14.0} @ http://localhost:3002/src/lib/util/stats.ts:89
[   26716ms] [LOG] Loading '' @ http://localhost:3002/src/lib/util/state.ts:192
[   26769ms] [LOG] Registration successful, scope is: http://localhost:3002/ @ http://localhost:3002/src/routes/+layout.svelte:42
[   26820ms] [LOG] [plausible] render {diagramType: flowchart-v2, isRough: false, lengthBucket: 0-10, renderTimeMsBucket: 50-100} @ http://localhost:3002/src/lib/util/stats.ts:89
[   27433ms] [LOG] [plausible] version {mermaidVersion: 11.14.0} @ http://localhost:3002/src/lib/util/stats.ts:89
[   27504ms] [LOG] Loading '' @ http://localhost:3002/src/lib/util/state.ts:192
[   27553ms] [LOG] Registration successful, scope is: http://localhost:3002/ @ http://localhost:3002/src/routes/+layout.svelte:42
[   27594ms] [LOG] [plausible] render {diagramType: flowchart-v2, isRough: false, lengthBucket: 0-10, renderTimeMsBucket: 50-100} @ http://localhost:3002/src/lib/util/stats.ts:89
[   28190ms] [LOG] [plausible] version {mermaidVersion: 11.14.0} @ http://localhost:3002/src/lib/util/stats.ts:89
[   28260ms] [LOG] Loading '' @ http://localhost:3002/src/lib/util/state.ts:192
[   28315ms] [LOG] Registration successful, scope is: http://localhost:3002/ @ http://localhost:3002/src/routes/+layout.svelte:42
[   28363ms] [LOG] [plausible] render {diagramType: flowchart-v2, isRough: false, lengthBucket: 0-10, renderTimeMsBucket: 50-100} @ http://localhost:3002/src/lib/util/stats.ts:89
[   29017ms] [LOG] [plausible] version {mermaidVersion: 11.14.0} @ http://localhost:3002/src/lib/util/stats.ts:89
[   29089ms] [LOG] Loading '' @ http://localhost:3002/src/lib/util/state.ts:192
[   29144ms] [LOG] Registration successful, scope is: http://localhost:3002/ @ http://localhost:3002/src/routes/+layout.svelte:42
[   29186ms] [LOG] [plausible] render {diagramType: flowchart-v2, isRough: false, lengthBucket: 0-10, renderTimeMsBucket: 50-100} @ http://localhost:3002/src/lib/util/stats.ts:89
[   29888ms] [LOG] [plausible] version {mermaidVersion: 11.14.0} @ http://localhost:3002/src/lib/util/stats.ts:89
[   29965ms] [LOG] Loading '' @ http://localhost:3002/src/lib/util/state.ts:192
[   30023ms] [LOG] Registration successful, scope is: http://localhost:3002/ @ http://localhost:3002/src/routes/+layout.svelte:42
[   30092ms] [LOG] [plausible] render {diagramType: flowchart-v2, isRough: false, lengthBucket: 0-10, renderTimeMsBucket: 50-100} @ http://localhost:3002/src/lib/util/stats.ts:89
[   30749ms] [LOG] [plausible] version {mermaidVersion: 11.14.0} @ http://localhost:3002/src/lib/util/stats.ts:89
[   30824ms] [LOG] Loading '' @ http://localhost:3002/src/lib/util/state.ts:192
[   30885ms] [LOG] Registration successful, scope is: http://localhost:3002/ @ http://localhost:3002/src/routes/+layout.svelte:42
[   30952ms] [LOG] [plausible] render {diagramType: flowchart-v2, isRough: false, lengthBucket: 0-10, renderTimeMsBucket: 50-100} @ http://localhost:3002/src/lib/util/stats.ts:89
[   31577ms] [LOG] [plausible] version {mermaidVersion: 11.14.0} @ http://localhost:3002/src/lib/util/stats.ts:89
[   31648ms] [LOG] Loading '' @ http://localhost:3002/src/lib/util/state.ts:192
[   31701ms] [LOG] Registration successful, scope is: http://localhost:3002/ @ http://localhost:3002/src/routes/+layout.svelte:42
[   32304ms] [LOG] [plausible] version {mermaidVersion: 11.14.0} @ http://localhost:3002/src/lib/util/stats.ts:89
[   32376ms] [LOG] Loading '' @ http://localhost:3002/src/lib/util/state.ts:192
[   32428ms] [LOG] Registration successful, scope is: http://localhost:3002/ @ http://localhost:3002/src/routes/+layout.svelte:42
[   32467ms] [LOG] [plausible] render {diagramType: flowchart-v2, isRough: false, lengthBucket: 0-10, renderTimeMsBucket: 50-100} @ http://localhost:3002/src/lib/util/stats.ts:89
[   32532ms] [LOG] [plausible] render {diagramType: flowchart-v2, isRough: false, lengthBucket: 0-10, renderTimeMsBucket: 50-100} @ http://localhost:3002/src/lib/util/stats.ts:89
[   33172ms] [LOG] [plausible] version {mermaidVersion: 11.14.0} @ http://localhost:3002/src/lib/util/stats.ts:89
[   33240ms] [LOG] Loading '' @ http://localhost:3002/src/lib/util/state.ts:192
[   33298ms] [LOG] Registration successful, scope is: http://localhost:3002/ @ http://localhost:3002/src/routes/+layout.svelte:42
[   33346ms] [LOG] [plausible] render {diagramType: flowchart-v2, isRough: false, lengthBucket: 0-10, renderTimeMsBucket: 50-100} @ http://localhost:3002/src/lib/util/stats.ts:89
[   33939ms] [LOG] [plausible] version {mermaidVersion: 11.14.0} @ http://localhost:3002/src/lib/util/stats.ts:89
[   34019ms] [LOG] Loading '' @ http://localhost:3002/src/lib/util/state.ts:192
[   34082ms] [LOG] Registration successful, scope is: http://localhost:3002/ @ http://localhost:3002/src/routes/+layout.svelte:42
[   34191ms] [LOG] [plausible] render {diagramType: flowchart-v2, isRough: false, lengthBucket: 0-10, renderTimeMsBucket: 100-200} @ http://localhost:3002/src/lib/util/stats.ts:89
[   34832ms] [LOG] [plausible] version {mermaidVersion: 11.14.0} @ http://localhost:3002/src/lib/util/stats.ts:89
[   34906ms] [LOG] Loading '' @ http://localhost:3002/src/lib/util/state.ts:192
[   34965ms] [LOG] Registration successful, scope is: http://localhost:3002/ @ http://localhost:3002/src/routes/+layout.svelte:42
[   35024ms] [LOG] [plausible] render {diagramType: flowchart-v2, isRough: false, lengthBucket: 0-10, renderTimeMsBucket: 50-100} @ http://localhost:3002/src/lib/util/stats.ts:89
[   36202ms] [LOG] [plausible] version {mermaidVersion: 11.14.0} @ http://localhost:3002/src/lib/util/stats.ts:89
[   36272ms] [LOG] Loading '' @ http://localhost:3002/src/lib/util/state.ts:192
[   36334ms] [LOG] Registration successful, scope is: http://localhost:3002/ @ http://localhost:3002/src/routes/+layout.svelte:42
[   36388ms] [LOG] [plausible] render {diagramType: flowchart-v2, isRough: false, lengthBucket: 0-10, renderTimeMsBucket: 50-100} @ http://localhost:3002/src/lib/util/stats.ts:89
[   37031ms] [LOG] [plausible] version {mermaidVersion: 11.14.0} @ http://localhost:3002/src/lib/util/stats.ts:89
[   37103ms] [LOG] Loading '' @ http://localhost:3002/src/lib/util/state.ts:192
[   37157ms] [LOG] Registration successful, scope is: http://localhost:3002/ @ http://localhost:3002/src/routes/+layout.svelte:42
[   37217ms] [LOG] [plausible] render {diagramType: flowchart-v2, isRough: false, lengthBucket: 0-10, renderTimeMsBucket: 50-100} @ http://localhost:3002/src/lib/util/stats.ts:89
[   37864ms] [LOG] [plausible] version {mermaidVersion: 11.14.0} @ http://localhost:3002/src/lib/util/stats.ts:89
[   37934ms] [LOG] Loading '' @ http://localhost:3002/src/lib/util/state.ts:192
[   37989ms] [LOG] Registration successful, scope is: http://localhost:3002/ @ http://localhost:3002/src/routes/+layout.svelte:42
[   38038ms] [LOG] [plausible] render {diagramType: flowchart-v2, isRough: false, lengthBucket: 0-10, renderTimeMsBucket: 50-100} @ http://localhost:3002/src/lib/util/stats.ts:89
[   38628ms] [LOG] [plausible] version {mermaidVersion: 11.14.0} @ http://localhost:3002/src/lib/util/stats.ts:89
[   38690ms] [LOG] Loading '' @ http://localhost:3002/src/lib/util/state.ts:192
[   38754ms] [LOG] Registration successful, scope is: http://localhost:3002/ @ http://localhost:3002/src/routes/+layout.svelte:42
[   38805ms] [LOG] [plausible] render {diagramType: flowchart-v2, isRough: false, lengthBucket: 0-10, renderTimeMsBucket: 50-100} @ http://localhost:3002/src/lib/util/stats.ts:89
[   39435ms] [LOG] [plausible] version {mermaidVersion: 11.14.0} @ http://localhost:3002/src/lib/util/stats.ts:89
[   39509ms] [LOG] Loading '' @ http://localhost:3002/src/lib/util/state.ts:192
[   39568ms] [LOG] Registration successful, scope is: http://localhost:3002/ @ http://localhost:3002/src/routes/+layout.svelte:42
[   39634ms] [LOG] [plausible] render {diagramType: flowchart-v2, isRough: false, lengthBucket: 0-10, renderTimeMsBucket: 50-100} @ http://localhost:3002/src/lib/util/stats.ts:89
[   40272ms] [LOG] [plausible] version {mermaidVersion: 11.14.0} @ http://localhost:3002/src/lib/util/stats.ts:89
[   40344ms] [LOG] Loading '' @ http://localhost:3002/src/lib/util/state.ts:192
[   40405ms] [LOG] Registration successful, scope is: http://localhost:3002/ @ http://localhost:3002/src/routes/+layout.svelte:42
[   40464ms] [LOG] [plausible] render {diagramType: flowchart-v2, isRough: false, lengthBucket: 0-10, renderTimeMsBucket: 50-100} @ http://localhost:3002/src/lib/util/stats.ts:89
[   41126ms] [LOG] [plausible] version {mermaidVersion: 11.14.0} @ http://localhost:3002/src/lib/util/stats.ts:89
[   41195ms] [LOG] Loading '' @ http://localhost:3002/src/lib/util/state.ts:192
[   41254ms] [LOG] Registration successful, scope is: http://localhost:3002/ @ http://localhost:3002/src/routes/+layout.svelte:42
[   41300ms] [LOG] [plausible] render {diagramType: flowchart-v2, isRough: false, lengthBucket: 0-10, renderTimeMsBucket: 50-100} @ http://localhost:3002/src/lib/util/stats.ts:89
[   41932ms] [LOG] [plausible] version {mermaidVersion: 11.14.0} @ http://localhost:3002/src/lib/util/stats.ts:89
[   42000ms] [LOG] Loading '' @ http://localhost:3002/src/lib/util/state.ts:192
[   42050ms] [LOG] Registration successful, scope is: http://localhost:3002/ @ http://localhost:3002/src/routes/+layout.svelte:42
[   42102ms] [LOG] [plausible] render {diagramType: flowchart-v2, isRough: false, lengthBucket: 0-10, renderTimeMsBucket: 50-100} @ http://localhost:3002/src/lib/util/stats.ts:89
[   42747ms] [LOG] [plausible] version {mermaidVersion: 11.14.0} @ http://localhost:3002/src/lib/util/stats.ts:89
[   42820ms] [LOG] Loading '' @ http://localhost:3002/src/lib/util/state.ts:192
[   42872ms] [LOG] Registration successful, scope is: http://localhost:3002/ @ http://localhost:3002/src/routes/+layout.svelte:42
[   42912ms] [LOG] [plausible] render {diagramType: flowchart-v2, isRough: false, lengthBucket: 0-10, renderTimeMsBucket: 50-100} @ http://localhost:3002/src/lib/util/stats.ts:89
[   43499ms] [LOG] [plausible] version {mermaidVersion: 11.14.0} @ http://localhost:3002/src/lib/util/stats.ts:89
[   43568ms] [LOG] Loading '' @ http://localhost:3002/src/lib/util/state.ts:192
[   43623ms] [LOG] Registration successful, scope is: http://localhost:3002/ @ http://localhost:3002/src/routes/+layout.svelte:42
[   43683ms] [LOG] [plausible] render {diagramType: flowchart-v2, isRough: false, lengthBucket: 0-10, renderTimeMsBucket: 50-100} @ http://localhost:3002/src/lib/util/stats.ts:89
[   44321ms] [LOG] [plausible] version {mermaidVersion: 11.14.0} @ http://localhost:3002/src/lib/util/stats.ts:89
[   44395ms] [LOG] Loading '' @ http://localhost:3002/src/lib/util/state.ts:192
[   44461ms] [LOG] Registration successful, scope is: http://localhost:3002/ @ http://localhost:3002/src/routes/+layout.svelte:42
[   44505ms] [LOG] [plausible] render {diagramType: flowchart-v2, isRough: false, lengthBucket: 0-10, renderTimeMsBucket: 50-100} @ http://localhost:3002/src/lib/util/stats.ts:89
[   45131ms] [LOG] [plausible] version {mermaidVersion: 11.14.0} @ http://localhost:3002/src/lib/util/stats.ts:89
[   45208ms] [LOG] Loading '' @ http://localhost:3002/src/lib/util/state.ts:192
[   45260ms] [LOG] Registration successful, scope is: http://localhost:3002/ @ http://localhost:3002/src/routes/+layout.svelte:42
[   45323ms] [LOG] [plausible] render {diagramType: flowchart-v2, isRough: false, lengthBucket: 0-10, renderTimeMsBucket: 50-100} @ http://localhost:3002/src/lib/util/stats.ts:89
[   47038ms] [LOG] [plausible] version {mermaidVersion: 11.14.0} @ http://localhost:3002/src/lib/util/stats.ts:89
[   47108ms] [LOG] Loading '' @ http://localhost:3002/src/lib/util/state.ts:192
[   47174ms] [LOG] Registration successful, scope is: http://localhost:3002/ @ http://localhost:3002/src/routes/+layout.svelte:42
[   47225ms] [LOG] [plausible] render {diagramType: flowchart-v2, isRough: false, lengthBucket: 0-10, renderTimeMsBucket: 50-100} @ http://localhost:3002/src/lib/util/stats.ts:89
[   47847ms] [LOG] [plausible] version {mermaidVersion: 11.14.0} @ http://localhost:3002/src/lib/util/stats.ts:89
[   47928ms] [LOG] Loading '' @ http://localhost:3002/src/lib/util/state.ts:192
[   47987ms] [LOG] Registration successful, scope is: http://localhost:3002/ @ http://localhost:3002/src/routes/+layout.svelte:42
[   48038ms] [LOG] [plausible] render {diagramType: flowchart-v2, isRough: false, lengthBucket: 0-10, renderTimeMsBucket: 50-100} @ http://localhost:3002/src/lib/util/stats.ts:89
[   48688ms] [LOG] [plausible] version {mermaidVersion: 11.14.0} @ http://localhost:3002/src/lib/util/stats.ts:89
[   48756ms] [LOG] Loading '' @ http://localhost:3002/src/lib/util/state.ts:192
[   48808ms] [LOG] Registration successful, scope is: http://localhost:3002/ @ http://localhost:3002/src/routes/+layout.svelte:42
[   48862ms] [LOG] [plausible] render {diagramType: flowchart-v2, isRough: false, lengthBucket: 0-10, renderTimeMsBucket: 50-100} @ http://localhost:3002/src/lib/util/stats.ts:89
[   49456ms] [LOG] [plausible] version {mermaidVersion: 11.14.0} @ http://localhost:3002/src/lib/util/stats.ts:89
[   49529ms] [LOG] Loading '' @ http://localhost:3002/src/lib/util/state.ts:192
[   49595ms] [LOG] Registration successful, scope is: http://localhost:3002/ @ http://localhost:3002/src/routes/+layout.svelte:42
[   49641ms] [LOG] [plausible] render {diagramType: flowchart-v2, isRough: false, lengthBucket: 0-10, renderTimeMsBucket: 50-100} @ http://localhost:3002/src/lib/util/stats.ts:89
[   50253ms] [LOG] [plausible] version {mermaidVersion: 11.14.0} @ http://localhost:3002/src/lib/util/stats.ts:89
[   50318ms] [LOG] Loading '' @ http://localhost:3002/src/lib/util/state.ts:192
[   50383ms] [LOG] Registration successful, scope is: http://localhost:3002/ @ http://localhost:3002/src/routes/+layout.svelte:42
[   50448ms] [LOG] [plausible] render {diagramType: flowchart-v2, isRough: false, lengthBucket: 0-10, renderTimeMsBucket: 100-200} @ http://localhost:3002/src/lib/util/stats.ts:89
[   51138ms] [LOG] [plausible] version {mermaidVersion: 11.14.0} @ http://localhost:3002/src/lib/util/stats.ts:89
[   51212ms] [LOG] Loading '' @ http://localhost:3002/src/lib/util/state.ts:192
[   51275ms] [LOG] Registration successful, scope is: http://localhost:3002/ @ http://localhost:3002/src/routes/+layout.svelte:42
[   51323ms] [LOG] [plausible] render {diagramType: flowchart-v2, isRough: false, lengthBucket: 0-10, renderTimeMsBucket: 50-100} @ http://localhost:3002/src/lib/util/stats.ts:89
[   52049ms] [LOG] [plausible] version {mermaidVersion: 11.14.0} @ http://localhost:3002/src/lib/util/stats.ts:89
[   52121ms] [LOG] Loading '' @ http://localhost:3002/src/lib/util/state.ts:192
[   52180ms] [LOG] Registration successful, scope is: http://localhost:3002/ @ http://localhost:3002/src/routes/+layout.svelte:42
[   52230ms] [LOG] [plausible] render {diagramType: flowchart-v2, isRough: false, lengthBucket: 0-10, renderTimeMsBucket: 50-100} @ http://localhost:3002/src/lib/util/stats.ts:89
[   52859ms] [LOG] [plausible] version {mermaidVersion: 11.14.0} @ http://localhost:3002/src/lib/util/stats.ts:89
[   52929ms] [LOG] Loading '' @ http://localhost:3002/src/lib/util/state.ts:192
[   52987ms] [LOG] Registration successful, scope is: http://localhost:3002/ @ http://localhost:3002/src/routes/+layout.svelte:42
[   53054ms] [LOG] [plausible] render {diagramType: flowchart-v2, isRough: false, lengthBucket: 0-10, renderTimeMsBucket: 50-100} @ http://localhost:3002/src/lib/util/stats.ts:89
[   53698ms] [LOG] [plausible] version {mermaidVersion: 11.14.0} @ http://localhost:3002/src/lib/util/stats.ts:89
[   53771ms] [LOG] Loading '' @ http://localhost:3002/src/lib/util/state.ts:192
[   53826ms] [LOG] Registration successful, scope is: http://localhost:3002/ @ http://localhost:3002/src/routes/+layout.svelte:42
[   53891ms] [LOG] [plausible] render {diagramType: flowchart-v2, isRough: false, lengthBucket: 0-10, renderTimeMsBucket: 50-100} @ http://localhost:3002/src/lib/util/stats.ts:89
[   55184ms] [LOG] [plausible] version {mermaidVersion: 11.14.0} @ http://localhost:3002/src/lib/util/stats.ts:89
[   55267ms] [LOG] Loading '' @ http://localhost:3002/src/lib/util/state.ts:192
[   55321ms] [LOG] Registration successful, scope is: http://localhost:3002/ @ http://localhost:3002/src/routes/+layout.svelte:42
[   55367ms] [LOG] [plausible] render {diagramType: flowchart-v2, isRough: false, lengthBucket: 0-10, renderTimeMsBucket: 50-100} @ http://localhost:3002/src/lib/util/stats.ts:89
[   56017ms] [LOG] [plausible] version {mermaidVersion: 11.14.0} @ http://localhost:3002/src/lib/util/stats.ts:89
[   56087ms] [LOG] Loading '' @ http://localhost:3002/src/lib/util/state.ts:192
[   56146ms] [LOG] Registration successful, scope is: http://localhost:3002/ @ http://localhost:3002/src/routes/+layout.svelte:42
[   56196ms] [LOG] [plausible] render {diagramType: flowchart-v2, isRough: false, lengthBucket: 0-10, renderTimeMsBucket: 50-100} @ http://localhost:3002/src/lib/util/stats.ts:89
[   56827ms] [LOG] [plausible] version {mermaidVersion: 11.14.0} @ http://localhost:3002/src/lib/util/stats.ts:89
[   56897ms] [LOG] Loading '' @ http://localhost:3002/src/lib/util/state.ts:192
[   56962ms] [LOG] Registration successful, scope is: http://localhost:3002/ @ http://localhost:3002/src/routes/+layout.svelte:42
[   57020ms] [LOG] [plausible] render {diagramType: flowchart-v2, isRough: false, lengthBucket: 0-10, renderTimeMsBucket: 50-100} @ http://localhost:3002/src/lib/util/stats.ts:89
[   57688ms] [LOG] [plausible] version {mermaidVersion: 11.14.0} @ http://localhost:3002/src/lib/util/stats.ts:89
[   57761ms] [LOG] Loading '' @ http://localhost:3002/src/lib/util/state.ts:192
[   57819ms] [LOG] Registration successful, scope is: http://localhost:3002/ @ http://localhost:3002/src/routes/+layout.svelte:42
[   57866ms] [LOG] [plausible] render {diagramType: flowchart-v2, isRough: false, lengthBucket: 0-10, renderTimeMsBucket: 50-100} @ http://localhost:3002/src/lib/util/stats.ts:89
[   58616ms] [LOG] [plausible] version {mermaidVersion: 11.14.0} @ http://localhost:3002/src/lib/util/stats.ts:89
[   58688ms] [LOG] Loading '' @ http://localhost:3002/src/lib/util/state.ts:192
[   58747ms] [LOG] Registration successful, scope is: http://localhost:3002/ @ http://localhost:3002/src/routes/+layout.svelte:42
[   58826ms] [LOG] [plausible] render {diagramType: flowchart-v2, isRough: false, lengthBucket: 0-10, renderTimeMsBucket: 100-200} @ http://localhost:3002/src/lib/util/stats.ts:89
[   59479ms] [LOG] [plausible] version {mermaidVersion: 11.14.0} @ http://localhost:3002/src/lib/util/stats.ts:89
[   59549ms] [LOG] Loading '' @ http://localhost:3002/src/lib/util/state.ts:192
[   59601ms] [LOG] Registration successful, scope is: http://localhost:3002/ @ http://localhost:3002/src/routes/+layout.svelte:42
[   59688ms] [LOG] [plausible] render {diagramType: flowchart-v2, isRough: false, lengthBucket: 0-10, renderTimeMsBucket: 100-200} @ http://localhost:3002/src/lib/util/stats.ts:89
[   60310ms] [LOG] [plausible] version {mermaidVersion: 11.14.0} @ http://localhost:3002/src/lib/util/stats.ts:89
[   60373ms] [LOG] Loading '' @ http://localhost:3002/src/lib/util/state.ts:192
[   60421ms] [LOG] Registration successful, scope is: http://localhost:3002/ @ http://localhost:3002/src/routes/+layout.svelte:42
[   60476ms] [LOG] [plausible] render {diagramType: flowchart-v2, isRough: false, lengthBucket: 0-10, renderTimeMsBucket: 50-100} @ http://localhost:3002/src/lib/util/stats.ts:89
[   61154ms] [LOG] [plausible] version {mermaidVersion: 11.14.0} @ http://localhost:3002/src/lib/util/stats.ts:89
[   61219ms] [LOG] Loading '' @ http://localhost:3002/src/lib/util/state.ts:192
[   61278ms] [LOG] Registration successful, scope is: http://localhost:3002/ @ http://localhost:3002/src/routes/+layout.svelte:42
[   61325ms] [LOG] [plausible] render {diagramType: flowchart-v2, isRough: false, lengthBucket: 0-10, renderTimeMsBucket: 50-100} @ http://localhost:3002/src/lib/util/stats.ts:89
[   61967ms] [LOG] [plausible] version {mermaidVersion: 11.14.0} @ http://localhost:3002/src/lib/util/stats.ts:89
[   62036ms] [LOG] Loading '' @ http://localhost:3002/src/lib/util/state.ts:192
[   62113ms] [LOG] Registration successful, scope is: http://localhost:3002/ @ http://localhost:3002/src/routes/+layout.svelte:42
[   62177ms] [LOG] [plausible] render {diagramType: flowchart-v2, isRough: false, lengthBucket: 0-10, renderTimeMsBucket: 100-200} @ http://localhost:3002/src/lib/util/stats.ts:89
[   62885ms] [LOG] [plausible] version {mermaidVersion: 11.14.0} @ http://localhost:3002/src/lib/util/stats.ts:89
[   62961ms] [LOG] Loading '' @ http://localhost:3002/src/lib/util/state.ts:192
[   63021ms] [LOG] Registration successful, scope is: http://localhost:3002/ @ http://localhost:3002/src/routes/+layout.svelte:42
[   63070ms] [LOG] [plausible] render {diagramType: flowchart-v2, isRough: false, lengthBucket: 0-10, renderTimeMsBucket: 50-100} @ http://localhost:3002/src/lib/util/stats.ts:89
[   64078ms] [LOG] [plausible] version {mermaidVersion: 11.14.0} @ http://localhost:3002/src/lib/util/stats.ts:89
[   64145ms] [LOG] Loading '' @ http://localhost:3002/src/lib/util/state.ts:192
[   64199ms] [LOG] Registration successful, scope is: http://localhost:3002/ @ http://localhost:3002/src/routes/+layout.svelte:42
[   64249ms] [LOG] [plausible] render {diagramType: flowchart-v2, isRough: false, lengthBucket: 0-10, renderTimeMsBucket: 50-100} @ http://localhost:3002/src/lib/util/stats.ts:89
[   64876ms] [LOG] [plausible] version {mermaidVersion: 11.14.0} @ http://localhost:3002/src/lib/util/stats.ts:89
[   64944ms] [LOG] Loading '' @ http://localhost:3002/src/lib/util/state.ts:192
[   64996ms] [LOG] Registration successful, scope is: http://localhost:3002/ @ http://localhost:3002/src/routes/+layout.svelte:42
[   65629ms] [LOG] [plausible] version {mermaidVersion: 11.14.0} @ http://localhost:3002/src/lib/util/stats.ts:89
[   65708ms] [LOG] Loading '' @ http://localhost:3002/src/lib/util/state.ts:192
[   65768ms] [LOG] Registration successful, scope is: http://localhost:3002/ @ http://localhost:3002/src/routes/+layout.svelte:42
[   65816ms] [LOG] [plausible] render {diagramType: flowchart-v2, isRough: false, lengthBucket: 0-10, renderTimeMsBucket: 50-100} @ http://localhost:3002/src/lib/util/stats.ts:89
[   66385ms] [LOG] [plausible] version {mermaidVersion: 11.14.0} @ http://localhost:3002/src/lib/util/stats.ts:89
[   66460ms] [LOG] Loading '' @ http://localhost:3002/src/lib/util/state.ts:192
[   66517ms] [LOG] Registration successful, scope is: http://localhost:3002/ @ http://localhost:3002/src/routes/+layout.svelte:42
[   66562ms] [LOG] [plausible] render {diagramType: flowchart-v2, isRough: false, lengthBucket: 0-10, renderTimeMsBucket: 50-100} @ http://localhost:3002/src/lib/util/stats.ts:89
[   67240ms] [LOG] [plausible] version {mermaidVersion: 11.14.0} @ http://localhost:3002/src/lib/util/stats.ts:89
[   67314ms] [LOG] Loading '' @ http://localhost:3002/src/lib/util/state.ts:192
[   67364ms] [LOG] Registration successful, scope is: http://localhost:3002/ @ http://localhost:3002/src/routes/+layout.svelte:42
[   67425ms] [LOG] [plausible] render {diagramType: flowchart-v2, isRough: false, lengthBucket: 0-10, renderTimeMsBucket: 50-100} @ http://localhost:3002/src/lib/util/stats.ts:89
[   68070ms] [LOG] [plausible] version {mermaidVersion: 11.14.0} @ http://localhost:3002/src/lib/util/stats.ts:89
[   68152ms] [LOG] Loading '' @ http://localhost:3002/src/lib/util/state.ts:192
[   68215ms] [LOG] Registration successful, scope is: http://localhost:3002/ @ http://localhost:3002/src/routes/+layout.svelte:42
[   68270ms] [LOG] [plausible] render {diagramType: flowchart-v2, isRough: false, lengthBucket: 0-10, renderTimeMsBucket: 50-100} @ http://localhost:3002/src/lib/util/stats.ts:89
[   68955ms] [LOG] [plausible] version {mermaidVersion: 11.14.0} @ http://localhost:3002/src/lib/util/stats.ts:89
[   69029ms] [LOG] Loading '' @ http://localhost:3002/src/lib/util/state.ts:192
[   69084ms] [LOG] Registration successful, scope is: http://localhost:3002/ @ http://localhost:3002/src/routes/+layout.svelte:42
[   69158ms] [LOG] [plausible] render {diagramType: flowchart-v2, isRough: false, lengthBucket: 0-10, renderTimeMsBucket: 100-200} @ http://localhost:3002/src/lib/util/stats.ts:89
[   69830ms] [LOG] [plausible] version {mermaidVersion: 11.14.0} @ http://localhost:3002/src/lib/util/stats.ts:89
[   69905ms] [LOG] Loading '' @ http://localhost:3002/src/lib/util/state.ts:192
[   69959ms] [LOG] Registration successful, scope is: http://localhost:3002/ @ http://localhost:3002/src/routes/+layout.svelte:42
[   70013ms] [LOG] [plausible] render {diagramType: flowchart-v2, isRough: false, lengthBucket: 0-10, renderTimeMsBucket: 50-100} @ http://localhost:3002/src/lib/util/stats.ts:89
[   70679ms] [LOG] [plausible] version {mermaidVersion: 11.14.0} @ http://localhost:3002/src/lib/util/stats.ts:89
[   70750ms] [LOG] Loading '' @ http://localhost:3002/src/lib/util/state.ts:192
[   70804ms] [LOG] Registration successful, scope is: http://localhost:3002/ @ http://localhost:3002/src/routes/+layout.svelte:42
[   70850ms] [LOG] [plausible] render {diagramType: flowchart-v2, isRough: false, lengthBucket: 0-10, renderTimeMsBucket: 50-100} @ http://localhost:3002/src/lib/util/stats.ts:89
[   71466ms] [LOG] [plausible] version {mermaidVersion: 11.14.0} @ http://localhost:3002/src/lib/util/stats.ts:89
[   71535ms] [LOG] Loading '' @ http://localhost:3002/src/lib/util/state.ts:192
[   71592ms] [LOG] Registration successful, scope is: http://localhost:3002/ @ http://localhost:3002/src/routes/+layout.svelte:42
[   71648ms] [LOG] [plausible] render {diagramType: flowchart-v2, isRough: false, lengthBucket: 0-10, renderTimeMsBucket: 50-100} @ http://localhost:3002/src/lib/util/stats.ts:89
[   72275ms] [LOG] [plausible] version {mermaidVersion: 11.14.0} @ http://localhost:3002/src/lib/util/stats.ts:89
[   72352ms] [LOG] Loading '' @ http://localhost:3002/src/lib/util/state.ts:192
[   72406ms] [LOG] Registration successful, scope is: http://localhost:3002/ @ http://localhost:3002/src/routes/+layout.svelte:42
[   72457ms] [LOG] [plausible] render {diagramType: flowchart-v2, isRough: false, lengthBucket: 0-10, renderTimeMsBucket: 50-100} @ http://localhost:3002/src/lib/util/stats.ts:89
[   72525ms] [LOG] [plausible] render {diagramType: flowchart-v2, isRough: false, lengthBucket: 0-10, renderTimeMsBucket: 50-100} @ http://localhost:3002/src/lib/util/stats.ts:89
[   73122ms] [LOG] [plausible] version {mermaidVersion: 11.14.0} @ http://localhost:3002/src/lib/util/stats.ts:89
[   73191ms] [LOG] Loading '' @ http://localhost:3002/src/lib/util/state.ts:192
[   73267ms] [LOG] Registration successful, scope is: http://localhost:3002/ @ http://localhost:3002/src/routes/+layout.svelte:42
[   73319ms] [LOG] [plausible] render {diagramType: flowchart-v2, isRough: false, lengthBucket: 0-10, renderTimeMsBucket: 50-100} @ http://localhost:3002/src/lib/util/stats.ts:89
[   73931ms] [LOG] [plausible] version {mermaidVersion: 11.14.0} @ http://localhost:3002/src/lib/util/stats.ts:89
[   74006ms] [LOG] Loading '' @ http://localhost:3002/src/lib/util/state.ts:192
[   74062ms] [LOG] Registration successful, scope is: http://localhost:3002/ @ http://localhost:3002/src/routes/+layout.svelte:42
[   74112ms] [LOG] [plausible] render {diagramType: flowchart-v2, isRough: false, lengthBucket: 0-10, renderTimeMsBucket: 50-100} @ http://localhost:3002/src/lib/util/stats.ts:89
[   74730ms] [LOG] [plausible] version {mermaidVersion: 11.14.0} @ http://localhost:3002/src/lib/util/stats.ts:89
[   74802ms] [LOG] Loading '' @ http://localhost:3002/src/lib/util/state.ts:192
[   74860ms] [LOG] Registration successful, scope is: http://localhost:3002/ @ http://localhost:3002/src/routes/+layout.svelte:42
[   74910ms] [LOG] [plausible] render {diagramType: flowchart-v2, isRough: false, lengthBucket: 0-10, renderTimeMsBucket: 50-100} @ http://localhost:3002/src/lib/util/stats.ts:89
[   75515ms] [LOG] [plausible] version {mermaidVersion: 11.14.0} @ http://localhost:3002/src/lib/util/stats.ts:89
[   75588ms] [LOG] Loading '' @ http://localhost:3002/src/lib/util/state.ts:192
[   75639ms] [LOG] Registration successful, scope is: http://localhost:3002/ @ http://localhost:3002/src/routes/+layout.svelte:42
[   76264ms] [LOG] [plausible] version {mermaidVersion: 11.14.0} @ http://localhost:3002/src/lib/util/stats.ts:89
[   76348ms] [LOG] Loading '' @ http://localhost:3002/src/lib/util/state.ts:192
[   76407ms] [LOG] Registration successful, scope is: http://localhost:3002/ @ http://localhost:3002/src/routes/+layout.svelte:42
[   76464ms] [LOG] [plausible] render {diagramType: flowchart-v2, isRough: false, lengthBucket: 0-10, renderTimeMsBucket: 50-100} @ http://localhost:3002/src/lib/util/stats.ts:89
[   76529ms] [LOG] [plausible] render {diagramType: flowchart-v2, isRough: false, lengthBucket: 0-10, renderTimeMsBucket: 50-100} @ http://localhost:3002/src/lib/util/stats.ts:89
[   77230ms] [LOG] [plausible] version {mermaidVersion: 11.14.0} @ http://localhost:3002/src/lib/util/stats.ts:89
[   77301ms] [LOG] Loading '' @ http://localhost:3002/src/lib/util/state.ts:192
[   77358ms] [LOG] Registration successful, scope is: http://localhost:3002/ @ http://localhost:3002/src/routes/+layout.svelte:42
[   77413ms] [LOG] [plausible] render {diagramType: flowchart-v2, isRough: false, lengthBucket: 0-10, renderTimeMsBucket: 50-100} @ http://localhost:3002/src/lib/util/stats.ts:89
[   78112ms] [LOG] [plausible] version {mermaidVersion: 11.14.0} @ http://localhost:3002/src/lib/util/stats.ts:89
[   78184ms] [LOG] Loading '' @ http://localhost:3002/src/lib/util/state.ts:192
[   78242ms] [LOG] Registration successful, scope is: http://localhost:3002/ @ http://localhost:3002/src/routes/+layout.svelte:42
[   78303ms] [LOG] [plausible] render {diagramType: flowchart-v2, isRough: false, lengthBucket: 0-10, renderTimeMsBucket: 50-100} @ http://localhost:3002/src/lib/util/stats.ts:89
[   79021ms] [LOG] [plausible] version {mermaidVersion: 11.14.0} @ http://localhost:3002/src/lib/util/stats.ts:89
[   79092ms] [LOG] Loading '' @ http://localhost:3002/src/lib/util/state.ts:192
[   79156ms] [LOG] Registration successful, scope is: http://localhost:3002/ @ http://localhost:3002/src/routes/+layout.svelte:42
[   79203ms] [LOG] [plausible] render {diagramType: flowchart-v2, isRough: false, lengthBucket: 0-10, renderTimeMsBucket: 50-100} @ http://localhost:3002/src/lib/util/stats.ts:89
[   79821ms] [LOG] [plausible] version {mermaidVersion: 11.14.0} @ http://localhost:3002/src/lib/util/stats.ts:89
[   79891ms] [LOG] Loading '' @ http://localhost:3002/src/lib/util/state.ts:192
[   79947ms] [LOG] Registration successful, scope is: http://localhost:3002/ @ http://localhost:3002/src/routes/+layout.svelte:42
[   79988ms] [LOG] [plausible] render {diagramType: flowchart-v2, isRough: false, lengthBucket: 0-10, renderTimeMsBucket: 50-100} @ http://localhost:3002/src/lib/util/stats.ts:89
[   80587ms] [LOG] [plausible] version {mermaidVersion: 11.14.0} @ http://localhost:3002/src/lib/util/stats.ts:89
[   80659ms] [LOG] Loading '' @ http://localhost:3002/src/lib/util/state.ts:192
[   80712ms] [LOG] Registration successful, scope is: http://localhost:3002/ @ http://localhost:3002/src/routes/+layout.svelte:42
[   80750ms] [LOG] [plausible] render {diagramType: flowchart-v2, isRough: false, lengthBucket: 0-10, renderTimeMsBucket: 50-100} @ http://localhost:3002/src/lib/util/stats.ts:89
[   81348ms] [LOG] [plausible] version {mermaidVersion: 11.14.0} @ http://localhost:3002/src/lib/util/stats.ts:89
[   81427ms] [LOG] Loading '' @ http://localhost:3002/src/lib/util/state.ts:192
[   81479ms] [LOG] Registration successful, scope is: http://localhost:3002/ @ http://localhost:3002/src/routes/+layout.svelte:42
[   81526ms] [LOG] [plausible] render {diagramType: flowchart-v2, isRough: false, lengthBucket: 0-10, renderTimeMsBucket: 50-100} @ http://localhost:3002/src/lib/util/stats.ts:89
[   82167ms] [LOG] [plausible] version {mermaidVersion: 11.14.0} @ http://localhost:3002/src/lib/util/stats.ts:89
[   82229ms] [LOG] Loading '' @ http://localhost:3002/src/lib/util/state.ts:192
[   82296ms] [LOG] Registration successful, scope is: http://localhost:3002/ @ http://localhost:3002/src/routes/+layout.svelte:42
[   82341ms] [LOG] [plausible] render {diagramType: flowchart-v2, isRough: false, lengthBucket: 0-10, renderTimeMsBucket: 50-100} @ http://localhost:3002/src/lib/util/stats.ts:89
[   82967ms] [LOG] [plausible] version {mermaidVersion: 11.14.0} @ http://localhost:3002/src/lib/util/stats.ts:89
[   83037ms] [LOG] Loading '' @ http://localhost:3002/src/lib/util/state.ts:192
[   83102ms] [LOG] Registration successful, scope is: http://localhost:3002/ @ http://localhost:3002/src/routes/+layout.svelte:42
[   83171ms] [LOG] [plausible] render {diagramType: flowchart-v2, isRough: false, lengthBucket: 0-10, renderTimeMsBucket: 100-200} @ http://localhost:3002/src/lib/util/stats.ts:89
[   84888ms] [LOG] [plausible] version {mermaidVersion: 11.14.0} @ http://localhost:3002/src/lib/util/stats.ts:89
[   84960ms] [LOG] Loading '' @ http://localhost:3002/src/lib/util/state.ts:192
[   85028ms] [LOG] Registration successful, scope is: http://localhost:3002/ @ http://localhost:3002/src/routes/+layout.svelte:42
[   85096ms] [LOG] [plausible] render {diagramType: flowchart-v2, isRough: false, lengthBucket: 0-10, renderTimeMsBucket: 100-200} @ http://localhost:3002/src/lib/util/stats.ts:89
[   85934ms] [LOG] [plausible] version {mermaidVersion: 11.14.0} @ http://localhost:3002/src/lib/util/stats.ts:89
[   86000ms] [LOG] Loading '' @ http://localhost:3002/src/lib/util/state.ts:192
[   86065ms] [LOG] Registration successful, scope is: http://localhost:3002/ @ http://localhost:3002/src/routes/+layout.svelte:42
[   86121ms] [LOG] [plausible] render {diagramType: flowchart-v2, isRough: false, lengthBucket: 0-10, renderTimeMsBucket: 50-100} @ http://localhost:3002/src/lib/util/stats.ts:89
[   86831ms] [LOG] [plausible] version {mermaidVersion: 11.14.0} @ http://localhost:3002/src/lib/util/stats.ts:89
[   86904ms] [LOG] Loading '' @ http://localhost:3002/src/lib/util/state.ts:192
[   86962ms] [LOG] Registration successful, scope is: http://localhost:3002/ @ http://localhost:3002/src/routes/+layout.svelte:42
[   87009ms] [LOG] [plausible] render {diagramType: flowchart-v2, isRough: false, lengthBucket: 0-10, renderTimeMsBucket: 50-100} @ http://localhost:3002/src/lib/util/stats.ts:89
[   87621ms] [LOG] [plausible] version {mermaidVersion: 11.14.0} @ http://localhost:3002/src/lib/util/stats.ts:89
[   87688ms] [LOG] Loading '' @ http://localhost:3002/src/lib/util/state.ts:192
[   87745ms] [LOG] Registration successful, scope is: http://localhost:3002/ @ http://localhost:3002/src/routes/+layout.svelte:42
[   87783ms] [LOG] [plausible] render {diagramType: flowchart-v2, isRough: false, lengthBucket: 0-10, renderTimeMsBucket: 50-100} @ http://localhost:3002/src/lib/util/stats.ts:89
[   88376ms] [LOG] [plausible] version {mermaidVersion: 11.14.0} @ http://localhost:3002/src/lib/util/stats.ts:89
[   88448ms] [LOG] Loading '' @ http://localhost:3002/src/lib/util/state.ts:192
[   88504ms] [LOG] Registration successful, scope is: http://localhost:3002/ @ http://localhost:3002/src/routes/+layout.svelte:42
[   88573ms] [LOG] [plausible] render {diagramType: flowchart-v2, isRough: false, lengthBucket: 0-10, renderTimeMsBucket: 50-100} @ http://localhost:3002/src/lib/util/stats.ts:89
[   89252ms] [LOG] [plausible] version {mermaidVersion: 11.14.0} @ http://localhost:3002/src/lib/util/stats.ts:89
