[     417ms] [LOG] Registration successful, scope is: http://localhost:3002/ @ http://localhost:3002/src/routes/+layout.svelte:42
[     820ms] [LOG] [plausible] version {mermaidVersion: 11.14.0} @ http://localhost:3002/src/lib/util/stats.ts:89
[     901ms] [LOG] Loading '' @ http://localhost:3002/src/lib/util/state.ts:192
[    1867ms] [LOG] [plausible] version {mermaidVersion: 11.14.0} @ http://localhost:3002/src/lib/util/stats.ts:89
[    1966ms] [LOG] Loading '' @ http://localhost:3002/src/lib/util/state.ts:192
[    2039ms] [LOG] Registration successful, scope is: http://localhost:3002/ @ http://localhost:3002/src/routes/+layout.svelte:42
[    3314ms] [LOG] [plausible] version {mermaidVersion: 11.14.0} @ http://localhost:3002/src/lib/util/stats.ts:89
[    3390ms] [LOG] Loading '' @ http://localhost:3002/src/lib/util/state.ts:192
[    3440ms] [LOG] Registration successful, scope is: http://localhost:3002/ @ http://localhost:3002/src/routes/+layout.svelte:42
[    3984ms] [LOG] [plausible] version {mermaidVersion: 11.14.0} @ http://localhost:3002/src/lib/util/stats.ts:89
[    4066ms] [LOG] Loading '' @ http://localhost:3002/src/lib/util/state.ts:192
[    4124ms] [LOG] Registration successful, scope is: http://localhost:3002/ @ http://localhost:3002/src/routes/+layout.svelte:42
[    4637ms] [LOG] [plausible] version {mermaidVersion: 11.14.0} @ http://localhost:3002/src/lib/util/stats.ts:89
[    4724ms] [LOG] Loading '' @ http://localhost:3002/src/lib/util/state.ts:192
[    4782ms] [LOG] Registration successful, scope is: http://localhost:3002/ @ http://localhost:3002/src/routes/+layout.svelte:42
[    5344ms] [LOG] [plausible] version {mermaidVersion: 11.14.0} @ http://localhost:3002/src/lib/util/stats.ts:89
[    5407ms] [LOG] Loading '' @ http://localhost:3002/src/lib/util/state.ts:192
[    5469ms] [LOG] Registration successful, scope is: http://localhost:3002/ @ http://localhost:3002/src/routes/+layout.svelte:42
[    5950ms] [LOG] [plausible] version {mermaidVersion: 11.14.0} @ http://localhost:3002/src/lib/util/stats.ts:89
[    6017ms] [LOG] Loading '' @ http://localhost:3002/src/lib/util/state.ts:192
[    6074ms] [LOG] Registration successful, scope is: http://localhost:3002/ @ http://localhost:3002/src/routes/+layout.svelte:42
[    6724ms] [LOG] [plausible] version {mermaidVersion: 11.14.0} @ http://localhost:3002/src/lib/util/stats.ts:89
[    6794ms] [LOG] Loading '' @ http://localhost:3002/src/lib/util/state.ts:192
[    6850ms] [LOG] Registration successful, scope is: http://localhost:3002/ @ http://localhost:3002/src/routes/+layout.svelte:42
[    7379ms] [LOG] [plausible] version {mermaidVersion: 11.14.0} @ http://localhost:3002/src/lib/util/stats.ts:89
[    7453ms] [LOG] Loading '' @ http://localhost:3002/src/lib/util/state.ts:192
[    7512ms] [LOG] Registration successful, scope is: http://localhost:3002/ @ http://localhost:3002/src/routes/+layout.svelte:42
